{"id":"1b80ae86-1522-48ec-ae26-7197f07fb869","firstName":"John","lastName":"Doe"}